Archive member included to satisfy reference by file (symbol)

/home/forlinx/epower_0129/epower/lib_x86_64/libadio.a(adio_adio.o)
                              ./app/objs_x86_64/epower_app_main.o (Sample_devs_get)
/home/forlinx/epower_0129/epower/lib_x86_64/libepshmem.a(epshmem_epshmem.o)
                              /home/forlinx/epower_0129/epower/lib_x86_64/libadio.a(adio_adio.o) (alloc_shared_mem)
/usr/lib/x86_64-linux-gnu/libc_nonshared.a(elf-init.oS)
                              /usr/lib/gcc/x86_64-linux-gnu/7/../../../x86_64-linux-gnu/Scrt1.o (__libc_csu_init)

As-needed library included to satisfy reference by file (symbol)

libpthread.so.0               /home/forlinx/epower_0129/epower/lib_x86_64/libadio.a(adio_adio.o) (pthread_mutex_destroy@@GLIBC_2.2.5)
libc.so.6                     /home/forlinx/epower_0129/epower/lib_x86_64/libadio.a(adio_adio.o) (socket@@GLIBC_2.2.5)

Allocating common symbols
Common symbol       size              file

pthread_getdata     0x8               ./app/objs_x86_64/epower_app_main.o
gpst_Dev            0x8               ./app/objs_x86_64/epower_app_main.o
shmdata2_flag       0x4               /home/forlinx/epower_0129/epower/lib_x86_64/libadio.a(adio_adio.o)
shmdata1_flag       0x4               /home/forlinx/epower_0129/epower/lib_x86_64/libadio.a(adio_adio.o)
tEnd                0x10              /home/forlinx/epower_0129/epower/lib_x86_64/libadio.a(adio_adio.o)
sock_raw_fd         0x4               /home/forlinx/epower_0129/epower/lib_x86_64/libadio.a(adio_adio.o)
shm1lk              0x28              /home/forlinx/epower_0129/epower/lib_x86_64/libadio.a(adio_adio.o)
pthread_receive_data
                    0x8               /home/forlinx/epower_0129/epower/lib_x86_64/libadio.a(adio_adio.o)
shm2lk              0x28              /home/forlinx/epower_0129/epower/lib_x86_64/libadio.a(adio_adio.o)
receive_data_flag   0x4               /home/forlinx/epower_0129/epower/lib_x86_64/libadio.a(adio_adio.o)
pthread_get_data    0x8               ./app/objs_x86_64/epower_app_main.o
tBegin              0x10              /home/forlinx/epower_0129/epower/lib_x86_64/libadio.a(adio_adio.o)
sll                 0x14              /home/forlinx/epower_0129/epower/lib_x86_64/libadio.a(adio_adio.o)
req                 0x28              /home/forlinx/epower_0129/epower/lib_x86_64/libadio.a(adio_adio.o)
client              0x14              /home/forlinx/epower_0129/epower/lib_x86_64/libadio.a(adio_adio.o)
shm1_mutex          0x140             /home/forlinx/epower_0129/epower/lib_x86_64/libadio.a(adio_adio.o)
shm2_mutex          0x140             /home/forlinx/epower_0129/epower/lib_x86_64/libadio.a(adio_adio.o)
pthread_uart_show   0x8               ./app/objs_x86_64/epower_app_main.o
cpuset              0x80              /home/forlinx/epower_0129/epower/lib_x86_64/libadio.a(adio_adio.o)

Discarded input sections

 .rodata.cst4   0x0000000000000000        0x4 /usr/lib/gcc/x86_64-linux-gnu/7/../../../x86_64-linux-gnu/Scrt1.o
 .data          0x0000000000000000        0x4 /usr/lib/gcc/x86_64-linux-gnu/7/../../../x86_64-linux-gnu/Scrt1.o
 .bss           0x0000000000000000        0x0 /usr/lib/gcc/x86_64-linux-gnu/7/../../../x86_64-linux-gnu/Scrt1.o
 .note.GNU-stack
                0x0000000000000000        0x0 /usr/lib/gcc/x86_64-linux-gnu/7/../../../x86_64-linux-gnu/Scrt1.o
 .text          0x0000000000000000        0x0 /usr/lib/gcc/x86_64-linux-gnu/7/../../../x86_64-linux-gnu/crti.o
 .data          0x0000000000000000        0x0 /usr/lib/gcc/x86_64-linux-gnu/7/../../../x86_64-linux-gnu/crti.o
 .bss           0x0000000000000000        0x0 /usr/lib/gcc/x86_64-linux-gnu/7/../../../x86_64-linux-gnu/crti.o
 .note.GNU-stack
                0x0000000000000000        0x0 /usr/lib/gcc/x86_64-linux-gnu/7/../../../x86_64-linux-gnu/crti.o
 .data          0x0000000000000000        0x0 /usr/lib/gcc/x86_64-linux-gnu/7/crtbeginS.o
 .note.GNU-stack
                0x0000000000000000        0x0 /usr/lib/gcc/x86_64-linux-gnu/7/crtbeginS.o
 .note.GNU-stack
                0x0000000000000000        0x0 ./app/objs_x86_64/epower_app_main.o
 .note.GNU-stack
                0x0000000000000000        0x0 /home/forlinx/epower_0129/epower/lib_x86_64/libadio.a(adio_adio.o)
 .data          0x0000000000000000        0x0 /home/forlinx/epower_0129/epower/lib_x86_64/libepshmem.a(epshmem_epshmem.o)
 .note.GNU-stack
                0x0000000000000000        0x0 /home/forlinx/epower_0129/epower/lib_x86_64/libepshmem.a(epshmem_epshmem.o)
 .data          0x0000000000000000        0x0 /usr/lib/x86_64-linux-gnu/libc_nonshared.a(elf-init.oS)
 .bss           0x0000000000000000        0x0 /usr/lib/x86_64-linux-gnu/libc_nonshared.a(elf-init.oS)
 .note.GNU-stack
                0x0000000000000000        0x0 /usr/lib/x86_64-linux-gnu/libc_nonshared.a(elf-init.oS)
 .text          0x0000000000000000        0x0 /usr/lib/gcc/x86_64-linux-gnu/7/crtendS.o
 .data          0x0000000000000000        0x0 /usr/lib/gcc/x86_64-linux-gnu/7/crtendS.o
 .bss           0x0000000000000000        0x0 /usr/lib/gcc/x86_64-linux-gnu/7/crtendS.o
 .note.GNU-stack
                0x0000000000000000        0x0 /usr/lib/gcc/x86_64-linux-gnu/7/crtendS.o
 .text          0x0000000000000000        0x0 /usr/lib/gcc/x86_64-linux-gnu/7/../../../x86_64-linux-gnu/crtn.o
 .data          0x0000000000000000        0x0 /usr/lib/gcc/x86_64-linux-gnu/7/../../../x86_64-linux-gnu/crtn.o
 .bss           0x0000000000000000        0x0 /usr/lib/gcc/x86_64-linux-gnu/7/../../../x86_64-linux-gnu/crtn.o
 .note.GNU-stack
                0x0000000000000000        0x0 /usr/lib/gcc/x86_64-linux-gnu/7/../../../x86_64-linux-gnu/crtn.o

Memory Configuration

Name             Origin             Length             Attributes
*default*        0x0000000000000000 0xffffffffffffffff

Linker script and memory map

LOAD /usr/lib/gcc/x86_64-linux-gnu/7/../../../x86_64-linux-gnu/Scrt1.o
LOAD /usr/lib/gcc/x86_64-linux-gnu/7/../../../x86_64-linux-gnu/crti.o
LOAD /usr/lib/gcc/x86_64-linux-gnu/7/crtbeginS.o
LOAD ./app/objs_x86_64/epower_app_main.o
LOAD /home/forlinx/epower_0129/epower/lib_x86_64/libadio.a
LOAD /home/forlinx/epower_0129/epower/lib_x86_64/libepshmem.a
LOAD /usr/lib/gcc/x86_64-linux-gnu/7/../../../x86_64-linux-gnu/libm.so
START GROUP
LOAD /lib/x86_64-linux-gnu/libm.so.6
LOAD /usr/lib/x86_64-linux-gnu/libmvec_nonshared.a
LOAD /lib/x86_64-linux-gnu/libmvec.so.1
END GROUP
LOAD /usr/lib/gcc/x86_64-linux-gnu/7/libgcc.a
LOAD /usr/lib/gcc/x86_64-linux-gnu/7/libgcc_s.so
START GROUP
LOAD /usr/lib/gcc/x86_64-linux-gnu/7/libgcc_s.so.1
LOAD /usr/lib/gcc/x86_64-linux-gnu/7/libgcc.a
END GROUP
LOAD /usr/lib/gcc/x86_64-linux-gnu/7/../../../x86_64-linux-gnu/libpthread.so
START GROUP
LOAD /lib/x86_64-linux-gnu/libpthread.so.0
LOAD /usr/lib/x86_64-linux-gnu/libpthread_nonshared.a
END GROUP
LOAD /usr/lib/gcc/x86_64-linux-gnu/7/../../../x86_64-linux-gnu/libc.so
START GROUP
LOAD /lib/x86_64-linux-gnu/libc.so.6
LOAD /usr/lib/x86_64-linux-gnu/libc_nonshared.a
LOAD /lib/x86_64-linux-gnu/ld-linux-x86-64.so.2
END GROUP
LOAD /usr/lib/gcc/x86_64-linux-gnu/7/libgcc.a
LOAD /usr/lib/gcc/x86_64-linux-gnu/7/libgcc_s.so
START GROUP
LOAD /usr/lib/gcc/x86_64-linux-gnu/7/libgcc_s.so.1
LOAD /usr/lib/gcc/x86_64-linux-gnu/7/libgcc.a
END GROUP
LOAD /usr/lib/gcc/x86_64-linux-gnu/7/crtendS.o
LOAD /usr/lib/gcc/x86_64-linux-gnu/7/../../../x86_64-linux-gnu/crtn.o
                [!provide]                        PROVIDE (__executable_start = SEGMENT_START ("text-segment", 0x0))
                0x0000000000000238                . = (SEGMENT_START ("text-segment", 0x0) + SIZEOF_HEADERS)

.interp         0x0000000000000238       0x1c
 *(.interp)
 .interp        0x0000000000000238       0x1c /usr/lib/gcc/x86_64-linux-gnu/7/../../../x86_64-linux-gnu/Scrt1.o

.note.ABI-tag   0x0000000000000254       0x20
 .note.ABI-tag  0x0000000000000254       0x20 /usr/lib/gcc/x86_64-linux-gnu/7/../../../x86_64-linux-gnu/Scrt1.o

.note.gnu.build-id
                0x0000000000000274       0x24
 *(.note.gnu.build-id)
 .note.gnu.build-id
                0x0000000000000274       0x24 /usr/lib/gcc/x86_64-linux-gnu/7/../../../x86_64-linux-gnu/Scrt1.o

.hash
 *(.hash)

.gnu.hash       0x0000000000000298       0x30
 *(.gnu.hash)
 .gnu.hash      0x0000000000000298       0x30 /usr/lib/gcc/x86_64-linux-gnu/7/../../../x86_64-linux-gnu/Scrt1.o

.dynsym         0x00000000000002c8      0x438
 *(.dynsym)
 .dynsym        0x00000000000002c8      0x438 /usr/lib/gcc/x86_64-linux-gnu/7/../../../x86_64-linux-gnu/Scrt1.o

.dynstr         0x0000000000000700      0x212
 *(.dynstr)
 .dynstr        0x0000000000000700      0x212 /usr/lib/gcc/x86_64-linux-gnu/7/../../../x86_64-linux-gnu/Scrt1.o

.gnu.version    0x0000000000000912       0x5a
 *(.gnu.version)
 .gnu.version   0x0000000000000912       0x5a /usr/lib/gcc/x86_64-linux-gnu/7/../../../x86_64-linux-gnu/Scrt1.o

.gnu.version_d  0x0000000000000970        0x0
 *(.gnu.version_d)
 .gnu.version_d
                0x0000000000000970        0x0 /usr/lib/gcc/x86_64-linux-gnu/7/../../../x86_64-linux-gnu/Scrt1.o

.gnu.version_r  0x0000000000000970       0x70
 *(.gnu.version_r)
 .gnu.version_r
                0x0000000000000970       0x70 /usr/lib/gcc/x86_64-linux-gnu/7/../../../x86_64-linux-gnu/Scrt1.o

.rela.dyn       0x00000000000009e0      0x108
 *(.rela.init)
 *(.rela.text .rela.text.* .rela.gnu.linkonce.t.*)
 .rela.text     0x00000000000009e0        0x0 /usr/lib/gcc/x86_64-linux-gnu/7/../../../x86_64-linux-gnu/Scrt1.o
 *(.rela.fini)
 *(.rela.rodata .rela.rodata.* .rela.gnu.linkonce.r.*)
 *(.rela.data .rela.data.* .rela.gnu.linkonce.d.*)
 .rela.data.rel.ro
                0x00000000000009e0        0x0 /usr/lib/gcc/x86_64-linux-gnu/7/../../../x86_64-linux-gnu/Scrt1.o
 .rela.data.rel.local
                0x00000000000009e0       0x18 /usr/lib/gcc/x86_64-linux-gnu/7/../../../x86_64-linux-gnu/Scrt1.o
 *(.rela.tdata .rela.tdata.* .rela.gnu.linkonce.td.*)
 *(.rela.tbss .rela.tbss.* .rela.gnu.linkonce.tb.*)
 *(.rela.ctors)
 *(.rela.dtors)
 *(.rela.got)
 .rela.got      0x00000000000009f8       0x78 /usr/lib/gcc/x86_64-linux-gnu/7/../../../x86_64-linux-gnu/Scrt1.o
 *(.rela.bss .rela.bss.* .rela.gnu.linkonce.b.*)
 .rela.bss      0x0000000000000a70       0x48 /usr/lib/gcc/x86_64-linux-gnu/7/../../../x86_64-linux-gnu/Scrt1.o
 *(.rela.ldata .rela.ldata.* .rela.gnu.linkonce.l.*)
 *(.rela.lbss .rela.lbss.* .rela.gnu.linkonce.lb.*)
 *(.rela.lrodata .rela.lrodata.* .rela.gnu.linkonce.lr.*)
 *(.rela.ifunc)
 .rela.ifunc    0x0000000000000ab8        0x0 /usr/lib/gcc/x86_64-linux-gnu/7/../../../x86_64-linux-gnu/Scrt1.o
 .rela.fini_array
                0x0000000000000ab8       0x18 /usr/lib/gcc/x86_64-linux-gnu/7/../../../x86_64-linux-gnu/Scrt1.o
 .rela.init_array
                0x0000000000000ad0       0x18 /usr/lib/gcc/x86_64-linux-gnu/7/../../../x86_64-linux-gnu/Scrt1.o

.rela.plt       0x0000000000000ae8      0x360
 *(.rela.plt)
 .rela.plt      0x0000000000000ae8      0x360 /usr/lib/gcc/x86_64-linux-gnu/7/../../../x86_64-linux-gnu/Scrt1.o
                [!provide]                        PROVIDE (__rela_iplt_start = .)
 *(.rela.iplt)
                [!provide]                        PROVIDE (__rela_iplt_end = .)

.init           0x0000000000000e48       0x17
 *(SORT_NONE(.init))
 .init          0x0000000000000e48       0x12 /usr/lib/gcc/x86_64-linux-gnu/7/../../../x86_64-linux-gnu/crti.o
                0x0000000000000e48                _init
 .init          0x0000000000000e5a        0x5 /usr/lib/gcc/x86_64-linux-gnu/7/../../../x86_64-linux-gnu/crtn.o

.plt            0x0000000000000e60      0x250
 *(.plt)
 .plt           0x0000000000000e60      0x250 /usr/lib/gcc/x86_64-linux-gnu/7/../../../x86_64-linux-gnu/Scrt1.o
 *(.iplt)

.plt.got        0x00000000000010b0        0x8
 *(.plt.got)
 .plt.got       0x00000000000010b0        0x8 /usr/lib/gcc/x86_64-linux-gnu/7/../../../x86_64-linux-gnu/Scrt1.o

.plt.sec
 *(.plt.sec)

.text           0x00000000000010c0     0x2102
 *(.text.unlikely .text.*_unlikely .text.unlikely.*)
 *(.text.exit .text.exit.*)
 *(.text.startup .text.startup.*)
 .text.startup  0x00000000000010c0       0x4d ./app/objs_x86_64/epower_app_main.o
                0x00000000000010c0                main
 *(.text.hot .text.hot.*)
 *(.text .stub .text.* .gnu.linkonce.t.*)
 *fill*         0x000000000000110d        0x3 
 .text          0x0000000000001110       0x2b /usr/lib/gcc/x86_64-linux-gnu/7/../../../x86_64-linux-gnu/Scrt1.o
                0x0000000000001110                _start
 *fill*         0x000000000000113b        0x5 
 .text          0x0000000000001140       0xda /usr/lib/gcc/x86_64-linux-gnu/7/crtbeginS.o
 *fill*         0x000000000000121a        0x6 
 .text          0x0000000000001220      0xc13 ./app/objs_x86_64/epower_app_main.o
                0x0000000000001220                shm_read
                0x0000000000001820                cmd_proc
 .text          0x0000000000001e33     0x1186 /home/forlinx/epower_0129/epower/lib_x86_64/libadio.a(adio_adio.o)
                0x0000000000001e33                error_and_die
                0x0000000000001e46                Sample_devs_get
                0x0000000000001e4c                Sample_info_get
                0x0000000000001f2a                Sample_init
                0x0000000000002444                Sample_open
                0x0000000000002976                senddata
                0x0000000000002c0c                Sample_read
                0x0000000000002c1f                Sample_write
                0x0000000000002c31                Sample_close
                0x0000000000002cea                Sample_exit
                0x0000000000002dbb                receive_pthread
 *fill*         0x0000000000002fb9        0x7 
 .text          0x0000000000002fc0      0x188 /home/forlinx/epower_0129/epower/lib_x86_64/libepshmem.a(epshmem_epshmem.o)
                0x0000000000002fc0                alloc_shared_mem
                0x0000000000003060                allocated_shared_mem
                0x0000000000003100                free_shared_mem
 *fill*         0x0000000000003148        0x8 
 .text          0x0000000000003150       0x72 /usr/lib/x86_64-linux-gnu/libc_nonshared.a(elf-init.oS)
                0x0000000000003150                __libc_csu_init
                0x00000000000031c0                __libc_csu_fini
 *(.gnu.warning)

.fini           0x00000000000031c4        0x9
 *(SORT_NONE(.fini))
 .fini          0x00000000000031c4        0x4 /usr/lib/gcc/x86_64-linux-gnu/7/../../../x86_64-linux-gnu/crti.o
                0x00000000000031c4                _fini
 .fini          0x00000000000031c8        0x5 /usr/lib/gcc/x86_64-linux-gnu/7/../../../x86_64-linux-gnu/crtn.o
                [!provide]                        PROVIDE (__etext = .)
                [!provide]                        PROVIDE (_etext = .)
                [!provide]                        PROVIDE (etext = .)

.rodata         0x00000000000031d0      0x938
 *(.rodata .rodata.* .gnu.linkonce.r.*)
 .rodata.str1.8
                0x00000000000031d0      0x154 ./app/objs_x86_64/epower_app_main.o
 .rodata.str1.1
                0x0000000000003324      0x1ae ./app/objs_x86_64/epower_app_main.o
                                        0x1b3 (size before relaxing)
 *fill*         0x00000000000034d2        0x6 
 .rodata        0x00000000000034d8       0x29 ./app/objs_x86_64/epower_app_main.o
 *fill*         0x0000000000003501        0xf 
 .rodata.cst16  0x0000000000003510       0x10 ./app/objs_x86_64/epower_app_main.o
 .rodata.cst4   0x0000000000003520        0x4 ./app/objs_x86_64/epower_app_main.o
 .rodata.str1.1
                0x0000000000003524      0x277 /home/forlinx/epower_0129/epower/lib_x86_64/libadio.a(adio_adio.o)
                                        0x27d (size before relaxing)
 *fill*         0x000000000000379b        0x5 
 .rodata.str1.8
                0x00000000000037a0      0x308 /home/forlinx/epower_0129/epower/lib_x86_64/libadio.a(adio_adio.o)
                                        0x304 (size before relaxing)
 .rodata        0x0000000000003aa8       0x4c /home/forlinx/epower_0129/epower/lib_x86_64/libadio.a(adio_adio.o)
 .rodata.str1.1
                0x0000000000003af4       0x14 /home/forlinx/epower_0129/epower/lib_x86_64/libepshmem.a(epshmem_epshmem.o)

.rodata1
 *(.rodata1)

.eh_frame_hdr   0x0000000000003b08       0xbc
 *(.eh_frame_hdr)
 .eh_frame_hdr  0x0000000000003b08       0xbc /usr/lib/gcc/x86_64-linux-gnu/7/../../../x86_64-linux-gnu/Scrt1.o
                0x0000000000003b08                __GNU_EH_FRAME_HDR
 *(.eh_frame_entry .eh_frame_entry.*)

.eh_frame       0x0000000000003bc8      0x4f0
 *(.eh_frame)
 .eh_frame      0x0000000000003bc8       0x30 /usr/lib/gcc/x86_64-linux-gnu/7/../../../x86_64-linux-gnu/Scrt1.o
                                         0x2c (size before relaxing)
 *fill*         0x0000000000003bf8        0x0 
 .eh_frame      0x0000000000003bf8       0x40 /usr/lib/gcc/x86_64-linux-gnu/7/../../../x86_64-linux-gnu/Scrt1.o
 .eh_frame      0x0000000000003c38       0x18 /usr/lib/gcc/x86_64-linux-gnu/7/../../../x86_64-linux-gnu/Scrt1.o
                                         0x30 (size before relaxing)
 .eh_frame      0x0000000000003c50      0x100 ./app/objs_x86_64/epower_app_main.o
                                        0x118 (size before relaxing)
 .eh_frame      0x0000000000003d50      0x280 /home/forlinx/epower_0129/epower/lib_x86_64/libadio.a(adio_adio.o)
                                        0x298 (size before relaxing)
 .eh_frame      0x0000000000003fd0       0x88 /home/forlinx/epower_0129/epower/lib_x86_64/libepshmem.a(epshmem_epshmem.o)
                                         0xa0 (size before relaxing)
 .eh_frame      0x0000000000004058       0x5c /usr/lib/x86_64-linux-gnu/libc_nonshared.a(elf-init.oS)
                                         0x78 (size before relaxing)
 .eh_frame      0x00000000000040b4        0x4 /usr/lib/gcc/x86_64-linux-gnu/7/crtendS.o
 *(.eh_frame.*)

.gcc_except_table
 *(.gcc_except_table .gcc_except_table.*)

.gnu_extab
 *(.gnu_extab*)

.exception_ranges
 *(.exception_ranges .exception_ranges*)
                0x0000000000204c90                . = DATA_SEGMENT_ALIGN (CONSTANT (MAXPAGESIZE), CONSTANT (COMMONPAGESIZE))

.eh_frame
 *(.eh_frame)
 *(.eh_frame.*)

.gnu_extab
 *(.gnu_extab)

.gcc_except_table
 *(.gcc_except_table .gcc_except_table.*)

.exception_ranges
 *(.exception_ranges .exception_ranges*)

.tdata
 *(.tdata .tdata.* .gnu.linkonce.td.*)

.tbss
 *(.tbss .tbss.* .gnu.linkonce.tb.*)
 *(.tcommon)

.preinit_array  0x0000000000204c90        0x0
                [!provide]                        PROVIDE (__preinit_array_start = .)
 *(.preinit_array)
                [!provide]                        PROVIDE (__preinit_array_end = .)

.init_array     0x0000000000204c90        0x8
                0x0000000000204c90                PROVIDE (__init_array_start = .)
 *(SORT_BY_INIT_PRIORITY(.init_array.*) SORT_BY_INIT_PRIORITY(.ctors.*))
 *(.init_array EXCLUDE_FILE(*crtend?.o *crtend.o *crtbegin?.o *crtbegin.o) .ctors)
 .init_array    0x0000000000204c90        0x8 /usr/lib/gcc/x86_64-linux-gnu/7/crtbeginS.o
                0x0000000000204c98                PROVIDE (__init_array_end = .)

.fini_array     0x0000000000204c98        0x8
                [!provide]                        PROVIDE (__fini_array_start = .)
 *(SORT_BY_INIT_PRIORITY(.fini_array.*) SORT_BY_INIT_PRIORITY(.dtors.*))
 *(.fini_array EXCLUDE_FILE(*crtend?.o *crtend.o *crtbegin?.o *crtbegin.o) .dtors)
 .fini_array    0x0000000000204c98        0x8 /usr/lib/gcc/x86_64-linux-gnu/7/crtbeginS.o
                [!provide]                        PROVIDE (__fini_array_end = .)

.ctors
 *crtbegin.o(.ctors)
 *crtbegin?.o(.ctors)
 *(EXCLUDE_FILE(*crtend?.o *crtend.o) .ctors)
 *(SORT_BY_NAME(.ctors.*))
 *(.ctors)

.dtors
 *crtbegin.o(.dtors)
 *crtbegin?.o(.dtors)
 *(EXCLUDE_FILE(*crtend?.o *crtend.o) .dtors)
 *(SORT_BY_NAME(.dtors.*))
 *(.dtors)

.jcr
 *(.jcr)

.data.rel.ro    0x0000000000204ca0        0x0
 *(.data.rel.ro.local* .gnu.linkonce.d.rel.ro.local.*)
 *(.data.rel.ro .data.rel.ro.* .gnu.linkonce.d.rel.ro.*)
 .data.rel.ro   0x0000000000204ca0        0x0 /usr/lib/gcc/x86_64-linux-gnu/7/../../../x86_64-linux-gnu/Scrt1.o

.dynamic        0x0000000000204ca0      0x200
 *(.dynamic)
 .dynamic       0x0000000000204ca0      0x200 /usr/lib/gcc/x86_64-linux-gnu/7/../../../x86_64-linux-gnu/Scrt1.o
                0x0000000000204ca0                _DYNAMIC

.got            0x0000000000204ea0      0x160
 *(.got.plt)
 .got.plt       0x0000000000204ea0      0x138 /usr/lib/gcc/x86_64-linux-gnu/7/../../../x86_64-linux-gnu/Scrt1.o
                0x0000000000204ea0                _GLOBAL_OFFSET_TABLE_
 *(.igot.plt)
 *(.got)
 .got           0x0000000000204fd8       0x28 /usr/lib/gcc/x86_64-linux-gnu/7/../../../x86_64-linux-gnu/Scrt1.o
 *(.igot)
                0x0000000000205000                . = DATA_SEGMENT_RELRO_END (., 0x0)

.data           0x0000000000205000      0xa70
 *(.data .data.* .gnu.linkonce.d.*)
 .data.rel.local
                0x0000000000205000        0x8 /usr/lib/gcc/x86_64-linux-gnu/7/crtbeginS.o
                0x0000000000205000                __dso_handle
 *fill*         0x0000000000205008       0x18 
 .data          0x0000000000205020      0x458 ./app/objs_x86_64/epower_app_main.o
                0x0000000000205020                gparr_cmds
                0x000000000020546c                MaxVol
                0x0000000000205470                global_print_dbg
 *fill*         0x0000000000205478        0x8 
 .data          0x0000000000205480      0x5f0 /home/forlinx/epower_0129/epower/lib_x86_64/libadio.a(adio_adio.o)
                0x0000000000205480                send_msg
                0x0000000000205a40                mac_list

.tm_clone_table
                0x0000000000205a70        0x0
 .tm_clone_table
                0x0000000000205a70        0x0 /usr/lib/gcc/x86_64-linux-gnu/7/crtbeginS.o
 .tm_clone_table
                0x0000000000205a70        0x0 /usr/lib/gcc/x86_64-linux-gnu/7/crtendS.o

.data1
 *(.data1)
                0x0000000000205a70                _edata = .
                [!provide]                        PROVIDE (edata = .)
                0x0000000000205a70                . = .
                0x0000000000205a70                __bss_start = .

.bss            0x0000000000205a80      0x4e0
 *(.dynbss)
 .dynbss        0x0000000000205a80       0x28 /usr/lib/gcc/x86_64-linux-gnu/7/../../../x86_64-linux-gnu/Scrt1.o
                0x0000000000205a80                stdout@@GLIBC_2.2.5
                0x0000000000205a90                stdin@@GLIBC_2.2.5
                0x0000000000205aa0                stderr@@GLIBC_2.2.5
 *(.bss .bss.* .gnu.linkonce.b.*)
 .bss           0x0000000000205aa8        0x1 /usr/lib/gcc/x86_64-linux-gnu/7/crtbeginS.o
 *fill*         0x0000000000205aa9        0x7 
 .bss           0x0000000000205ab0       0x10 ./app/objs_x86_64/epower_app_main.o
                0x0000000000205ab0                realVol
                0x0000000000205ab8                send_info
 .bss           0x0000000000205ac0       0x30 /home/forlinx/epower_0129/epower/lib_x86_64/libadio.a(adio_adio.o)
                0x0000000000205ac0                num
                0x0000000000205ac4                receive_pthread_start
                0x0000000000205ac8                read_pthread_start
                0x0000000000205acc                gb_sampleinit
                0x0000000000205ad0                gw_DevIdx
                0x0000000000205ad2                gw_DevCnt
                0x0000000000205ad8                gpst_DevCfg
                0x0000000000205ae0                dev2lk
                0x0000000000205ae8                dev1lk
 .bss           0x0000000000205af0       0x10 /home/forlinx/epower_0129/epower/lib_x86_64/libepshmem.a(epshmem_epshmem.o)
 *(COMMON)
 COMMON         0x0000000000205b00       0x20 ./app/objs_x86_64/epower_app_main.o
                0x0000000000205b00                pthread_getdata
                0x0000000000205b08                gpst_Dev
                0x0000000000205b10                pthread_get_data
                0x0000000000205b18                pthread_uart_show
 COMMON         0x0000000000205b20      0x440 /home/forlinx/epower_0129/epower/lib_x86_64/libadio.a(adio_adio.o)
                0x0000000000205b20                shmdata2_flag
                0x0000000000205b24                shmdata1_flag
                0x0000000000205b30                tEnd
                0x0000000000205b40                sock_raw_fd
                0x0000000000205b60                shm1lk
                0x0000000000205b88                pthread_receive_data
                0x0000000000205ba0                shm2lk
                0x0000000000205bc8                receive_data_flag
                0x0000000000205bd0                tBegin
                0x0000000000205be0                sll
                0x0000000000205c00                req
                0x0000000000205c30                client
                0x0000000000205c60                shm1_mutex
                0x0000000000205da0                shm2_mutex
                0x0000000000205ee0                cpuset
                0x0000000000205f60                . = ALIGN ((. != 0x0)?0x8:0x1)

.lbss
 *(.dynlbss)
 *(.lbss .lbss.* .gnu.linkonce.lb.*)
 *(LARGE_COMMON)
                0x0000000000205f60                . = ALIGN (0x8)
                0x0000000000205f60                . = SEGMENT_START ("ldata-segment", .)

.lrodata
 *(.lrodata .lrodata.* .gnu.linkonce.lr.*)

.ldata          0x0000000000605f60        0x0
 *(.ldata .ldata.* .gnu.linkonce.l.*)
                0x0000000000605f60                . = ALIGN ((. != 0x0)?0x8:0x1)
                0x0000000000605f60                . = ALIGN (0x8)
                0x0000000000605f60                _end = .
                [!provide]                        PROVIDE (end = .)
                0x0000000000605f60                . = DATA_SEGMENT_END (.)

.stab
 *(.stab)

.stabstr
 *(.stabstr)

.stab.excl
 *(.stab.excl)

.stab.exclstr
 *(.stab.exclstr)

.stab.index
 *(.stab.index)

.stab.indexstr
 *(.stab.indexstr)

.comment        0x0000000000000000       0x29
 *(.comment)
 .comment       0x0000000000000000       0x29 /usr/lib/gcc/x86_64-linux-gnu/7/crtbeginS.o
                                         0x2a (size before relaxing)
 .comment       0x0000000000000029       0x2a ./app/objs_x86_64/epower_app_main.o
 .comment       0x0000000000000029       0x2a /home/forlinx/epower_0129/epower/lib_x86_64/libadio.a(adio_adio.o)
 .comment       0x0000000000000029       0x2a /home/forlinx/epower_0129/epower/lib_x86_64/libepshmem.a(epshmem_epshmem.o)
 .comment       0x0000000000000029       0x2a /usr/lib/gcc/x86_64-linux-gnu/7/crtendS.o

.debug
 *(.debug)

.line
 *(.line)

.debug_srcinfo
 *(.debug_srcinfo)

.debug_sfnames
 *(.debug_sfnames)

.debug_aranges  0x0000000000000000       0xa0
 *(.debug_aranges)
 .debug_aranges
                0x0000000000000000       0x40 ./app/objs_x86_64/epower_app_main.o
 .debug_aranges
                0x0000000000000040       0x30 /home/forlinx/epower_0129/epower/lib_x86_64/libadio.a(adio_adio.o)
 .debug_aranges
                0x0000000000000070       0x30 /home/forlinx/epower_0129/epower/lib_x86_64/libepshmem.a(epshmem_epshmem.o)

.debug_pubnames
 *(.debug_pubnames)

.debug_info     0x0000000000000000     0x557e
 *(.debug_info .gnu.linkonce.wi.*)
 .debug_info    0x0000000000000000     0x1c08 ./app/objs_x86_64/epower_app_main.o
 .debug_info    0x0000000000001c08     0x3387 /home/forlinx/epower_0129/epower/lib_x86_64/libadio.a(adio_adio.o)
 .debug_info    0x0000000000004f8f      0x5ef /home/forlinx/epower_0129/epower/lib_x86_64/libepshmem.a(epshmem_epshmem.o)

.debug_abbrev   0x0000000000000000      0x938
 *(.debug_abbrev)
 .debug_abbrev  0x0000000000000000      0x376 ./app/objs_x86_64/epower_app_main.o
 .debug_abbrev  0x0000000000000376      0x460 /home/forlinx/epower_0129/epower/lib_x86_64/libadio.a(adio_adio.o)
 .debug_abbrev  0x00000000000007d6      0x162 /home/forlinx/epower_0129/epower/lib_x86_64/libepshmem.a(epshmem_epshmem.o)

.debug_line     0x0000000000000000     0x10bd
 *(.debug_line .debug_line.* .debug_line_end)
 .debug_line    0x0000000000000000      0x6c6 ./app/objs_x86_64/epower_app_main.o
 .debug_line    0x00000000000006c6      0x896 /home/forlinx/epower_0129/epower/lib_x86_64/libadio.a(adio_adio.o)
 .debug_line    0x0000000000000f5c      0x161 /home/forlinx/epower_0129/epower/lib_x86_64/libepshmem.a(epshmem_epshmem.o)

.debug_frame
 *(.debug_frame)

.debug_str      0x0000000000000000     0x10ea
 *(.debug_str)
 .debug_str     0x0000000000000000      0x884 ./app/objs_x86_64/epower_app_main.o
                                        0x99b (size before relaxing)
 .debug_str     0x0000000000000884      0x7f0 /home/forlinx/epower_0129/epower/lib_x86_64/libadio.a(adio_adio.o)
                                        0xfca (size before relaxing)
 .debug_str     0x0000000000001074       0x76 /home/forlinx/epower_0129/epower/lib_x86_64/libepshmem.a(epshmem_epshmem.o)
                                        0x371 (size before relaxing)

.debug_loc      0x0000000000000000     0x3334
 *(.debug_loc)
 .debug_loc     0x0000000000000000      0xeb5 ./app/objs_x86_64/epower_app_main.o
 .debug_loc     0x0000000000000eb5     0x2200 /home/forlinx/epower_0129/epower/lib_x86_64/libadio.a(adio_adio.o)
 .debug_loc     0x00000000000030b5      0x27f /home/forlinx/epower_0129/epower/lib_x86_64/libepshmem.a(epshmem_epshmem.o)

.debug_macinfo
 *(.debug_macinfo)

.debug_weaknames
 *(.debug_weaknames)

.debug_funcnames
 *(.debug_funcnames)

.debug_typenames
 *(.debug_typenames)

.debug_varnames
 *(.debug_varnames)

.debug_pubtypes
 *(.debug_pubtypes)

.debug_ranges   0x0000000000000000      0x660
 *(.debug_ranges)
 .debug_ranges  0x0000000000000000      0x450 ./app/objs_x86_64/epower_app_main.o
 .debug_ranges  0x0000000000000450      0x210 /home/forlinx/epower_0129/epower/lib_x86_64/libadio.a(adio_adio.o)

.debug_macro
 *(.debug_macro)

.debug_addr
 *(.debug_addr)

.gnu.attributes
 *(.gnu.attributes)

/DISCARD/
 *(.note.GNU-stack)
 *(.gnu_debuglink)
 *(.gnu.lto_*)
OUTPUT(/home/forlinx/epower_0129/epower/bin_x86_64/epower_app elf64-x86-64)
