<html>
<body>
<pre>
<h1>µVision Build Log</h1>
<h2>Tool Versions:</h2>
IDE-Version: ¦ÌVision V5.29.0.0
Copyright (C) 2019 ARM Ltd and ARM Germany GmbH. All rights reserved.
License Information: 111 111, 123, LIC=ZB4Y8-3M70S-PAPDH-WFRSH-1TV5V-6D31D
 
Tool Versions:
Toolchain:       MDK-ARM Plus  Version: 5.29.0.0
Toolchain Path:  D:\soft\MDK\ARM\ARMCC\Bin
C Compiler:      Armcc.exe V5.06 update 6 (build 750)
Assembler:       Armasm.exe V5.06 update 6 (build 750)
Linker/Locator:  ArmLink.exe V5.06 update 6 (build 750)
Library Manager: ArmAr.exe V5.06 update 6 (build 750)
Hex Converter:   FromElf.exe V5.06 update 6 (build 750)
CPU DLL:         SARMCM3.DLL V5.29.0.0
Dialog DLL:      DCM.DLL V1.17.3.0
Target DLL:      CMSIS_AGDI.dll V1.32.0.0
Dialog DLL:      TCM.DLL V1.36.5.0
 
<h2>Project:</h2>
E:\ok1061\SDK_2_6_2_EVKB_IMXRT1061\boards\evkmimxrt1060\driver_examples\enet\txrx_ptp1588_transfer_slave(5)\mdk\enet_txrx_ptp1588_transfer.uvprojx
Project File Date:  03/15/2021

<h2>Output:</h2>
*** Using Compiler 'V5.06 update 6 (build 750)', folder: 'D:\soft\MDK\ARM\ARMCC\Bin'
Build target 'enet_txrx_ptp1588_transfer release'
compiling enet_txrx_ptp1588_transfer.c...
../enet_txrx_ptp1588_transfer.c(109): warning:  #1295-D: Deprecated declaration delay - give arg types
  void delay();
../enet_txrx_ptp1588_transfer.c(218): warning:  #550-D: parameter "handle"  was set but never used
  static void ethernet_ptptime_enablepps(ENET_Type *base, enet_handle_t handle, enet_ptp_timer_channel_t tmr_ch)
../enet_txrx_ptp1588_transfer.c(395): warning:  #177-D: variable "length"  was declared but never referenced
      uint32_t length = 0;
../enet_txrx_ptp1588_transfer.c(397): warning:  #550-D: variable "ptpClock"  was set but never used
      uint32_t ptpClock;
../enet_txrx_ptp1588_transfer.c(398): warning:  #177-D: variable "count"  was declared but never referenced
      uint32_t count = 0;
../enet_txrx_ptp1588_transfer.c(399): warning:  #177-D: variable "link"  was declared but never referenced
      bool link      = false;
../enet_txrx_ptp1588_transfer.c(400): warning:  #177-D: variable "speed"  was declared but never referenced
      phy_speed_t speed;
../enet_txrx_ptp1588_transfer.c(401): warning:  #177-D: variable "duplex"  was declared but never referenced
      phy_duplex_t duplex;
../enet_txrx_ptp1588_transfer.c(402): warning:  #177-D: variable "result"  was declared but never referenced
      status_t result;
../enet_txrx_ptp1588_transfer.c(403): warning:  #177-D: variable "txnumber"  was declared but never referenced
      uint32_t txnumber = 0;
../enet_txrx_ptp1588_transfer.c(404): warning:  #177-D: variable "ptpData"  was declared but never referenced
      enet_ptp_time_data_t ptpData;
../enet_txrx_ptp1588_transfer.c(405): warning:  #177-D: variable "ptpTime"  was declared but never referenced
      enet_ptp_time_t ptpTime;
../enet_txrx_ptp1588_transfer.c(407): warning:  #177-D: variable "totalDelay"  was declared but never referenced
      uint32_t totalDelay;
../enet_txrx_ptp1588_transfer.c(408): warning:  #177-D: variable "status"  was declared but never referenced
      status_t status;
../enet_txrx_ptp1588_transfer.c(409): warning:  #177-D: variable "mGAddr"  was declared but never referenced
      uint8_t mGAddr[6] = {0x01, 0x00, 0x5e, 0x01, 0x01, 0x1};
../enet_txrx_ptp1588_transfer.c(413): warning:  #177-D: variable "pitConfig"  was declared but never referenced
  		pit_config_t pitConfig;
../enet_txrx_ptp1588_transfer.c(195): warning:  #177-D: function "ENET_BuildPtpEventFrame"  was declared but never referenced
  static void ENET_BuildPtpEventFrame(void)
../enet_txrx_ptp1588_transfer.c(218): warning:  #177-D: function "ethernet_ptptime_enablepps"  was declared but never referenced
  static void ethernet_ptptime_enablepps(ENET_Type *base, enet_handle_t handle, enet_ptp_timer_channel_t tmr_ch)
../enet_txrx_ptp1588_transfer.c: 18 warnings, 0 errors
linking...
Program Size: Code=12076 RO-data=1364 RW-data=56 ZI-data=21320  
"release\enet_txrx_ptp1588_transfer.out" - 0 Error(s), 18 Warning(s).

<h2>Software Packages used:</h2>

Package Vendor: NXP
                http://mcuxpresso.nxp.com/cmsis_pack/repo/NXP.MIMXRT1062_DFP.12.0.0.pack
                NXP.MIMXRT1062_DFP.12.0.0
                Device Family Pack for MIMXRT1062

<h2>Collection of Component include folders:</h2>
  .\RTE\_enet_txrx_ptp1588_transfer_release
  D:\soft\MDK_pack\NXP\MIMXRT1062_DFP\12.0.0

<h2>Collection of Component Files used:</h2>
Build Time Elapsed:  00:00:05
</pre>
</body>
</html>
